2019-05-11 17:20:38 [   DEBUG] $HOME=/Users/mdl-admin (__init__.py:415)
2019-05-11 17:20:38 [   DEBUG] CONFIGDIR=/Users/mdl-admin/.matplotlib (__init__.py:415)
2019-05-11 17:20:38 [   DEBUG] matplotlib data path: /Users/mdl-admin/Desktop/mdl-R33/env/lib/python3.7/site-packages/matplotlib/mpl-data (__init__.py:415)
2019-05-11 17:20:38 [   DEBUG] loaded rc file /Users/mdl-admin/Desktop/mdl-R33/env/lib/python3.7/site-packages/matplotlib/mpl-data/matplotlibrc (__init__.py:1093)
2019-05-11 17:20:38 [   DEBUG] matplotlib version 3.0.3 (__init__.py:1819)
2019-05-11 17:20:38 [   DEBUG] interactive is False (__init__.py:1820)
2019-05-11 17:20:38 [   DEBUG] platform is darwin (__init__.py:1821)
2019-05-11 17:20:38 [   DEBUG] loaded modules: ['sys', 'builtins', '_frozen_importlib', '_imp', '_thread', '_warnings', '_weakref', 'zipimport', '_frozen_importlib_external', '_io', 'marshal', 'posix', 'encodings', 'codecs', '_codecs', 'encodings.aliases', 'encodings.utf_8', '_signal', '__main__', 'encodings.latin_1', 'io', 'abc', '_abc', 'site', 'os', 'stat', '_stat', 'posixpath', 'genericpath', 'os.path', '_collections_abc', '_sitebuiltins', '_bootlocale', '_locale', 'types', 'importlib', 'importlib._bootstrap', 'importlib._bootstrap_external', 'warnings', 'importlib.util', 'importlib.abc', 'importlib.machinery', 'contextlib', 'collections', 'operator', '_operator', 'keyword', 'heapq', '_heapq', 'itertools', 'reprlib', '_collections', 'functools', '_functools', 'mpl_toolkits', 'PyObjCTools', 're', 'enum', 'sre_compile', '_sre', 'sre_parse', 'sre_constants', 'copyreg', 'pytest', '_pytest', '_pytest._version', '_pytest.assertion', '__future__', 'six', 'struct', '_struct', '_pytest.assertion.rewrite', 'ast', '_ast', 'errno', 'imp', 'tokenize', 'token', 'string', '_string', 'atomicwrites', 'tempfile', 'shutil', 'fnmatch', 'zlib', 'bz2', '_compression', 'threading', 'time', 'traceback', 'linecache', '_weakrefset', '_bz2', 'lzma', '_lzma', 'pwd', 'grp', 'random', 'math', 'hashlib', '_hashlib', '_blake2', '_sha3', 'bisect', '_bisect', '_random', 'weakref', 'fcntl', 'py', 'py._error', 'py.error', 'py._vendored_packages', 'py._vendored_packages.apipkg', 'py._version', 'py.test', 'py.process', 'py.apipkg', 'py.iniconfig', 'py.path', 'py.code', 'py.builtin', 'py.io', 'py.xml', 'py.log', '_pytest._io', '_pytest._io.saferepr', 'pprint', 'six.moves', '_pytest.assertion.util', '_pytest._code', '_pytest._code.code', 'inspect', 'dis', 'opcode', '_opcode', 'collections.abc', 'attr', 'attr.converters', 'attr._make', 'copy', 'attr._config', 'attr._compat', 'platform', 'subprocess', 'signal', '_posixsubprocess', 'select', 'selectors', 'ctypes', '_ctypes', 'ctypes._endian', 'attr.exceptions', 'attr.filters', 'attr.validators', 'attr._funcs', 'pluggy', 'pluggy._version', 'pluggy.manager', 'pluggy._tracing', 'pluggy.callers', 'pluggy.hooks', '_pytest.compat', '_pytest.outcomes', 'py._path', 'py._path.local', 'atexit', 'uuid', '_uuid', 'py._path.common', '_pytest._code.source', 'textwrap', '_pytest.pathlib', 'pathlib', 'ntpath', 'urllib', 'urllib.parse', '_pytest.assertion.truncate', '_pytest.config', 'argparse', 'gettext', 'locale', 'shlex', '_pytest.hookspec', '_pytest.deprecated', '_pytest.warning_types', '_pytest.config.exceptions', '_pytest.config.findpaths', '_pytest.debugging', 'pdb', 'cmd', 'bdb', 'code', 'codeop', 'glob', 'doctest', 'difflib', 'unittest', 'unittest.result', 'unittest.util', 'unittest.case', 'logging', 'unittest.suite', 'unittest.loader', 'unittest.main', 'unittest.runner', 'unittest.signals', '_pytest.fixtures', '_pytest.nodes', '_pytest.mark', '_pytest.mark.legacy', '_pytest.mark.structures', '_pytest.freeze_support', '_pytest.main', 'pkgutil', '_pytest.runner', '_pytest.reports', '_pytest.python', '_pytest.python_api', 'decimal', 'numbers', '_decimal', 'more_itertools', 'more_itertools.more', 'more_itertools.recipes', '_pytest.recwarn', '_pytest.config.argparsing', '_pytest.terminal', '_pytest.unittest', '_pytest.capture', '_pytest.skipping', '_pytest.mark.evaluate', '_pytest.tmpdir', '_pytest.monkeypatch', '_pytest.pastebin', '_pytest.helpconfig', '_pytest.nose', '_pytest.junitxml', 'py._xmlgen', '_pytest.resultlog', '_pytest.doctest', '_pytest.cacheprovider', 'json', 'json.decoder', 'json.scanner', '_json', 'json.encoder', '_pytest.setuponly', '_pytest.setupplan', '_pytest.stepwise', '_pytest.warnings', '_pytest.logging', '_pytest._argcomplete', 'py._vendored_packages.iniconfig', 'pkg_resources', 'zipfile', 'binascii', 'plistlib', 'datetime', '_datetime', 'xml', 'xml.parsers', 'xml.parsers.expat', 'pyexpat.errors', 'pyexpat.model', 'pyexpat', 'xml.parsers.expat.model', 'xml.parsers.expat.errors', 'email', 'email.parser', 'email.feedparser', 'email.errors', 'email._policybase', 'email.header', 'email.quoprimime', 'email.base64mime', 'base64', 'email.charset', 'email.encoders', 'quopri', 'email.utils', 'socket', '_socket', 'email._parseaddr', 'calendar', 'pkg_resources.extern', 'pkg_resources._vendor', 'pkg_resources.extern.six', 'pkg_resources._vendor.six', 'pkg_resources.extern.six.moves', 'pkg_resources._vendor.six.moves', 'pkg_resources.py31compat', 'pkg_resources.extern.appdirs', 'pkg_resources._vendor.packaging.__about__', 'pkg_resources.extern.packaging', 'pkg_resources.extern.packaging.version', 'pkg_resources.extern.packaging._structures', 'pkg_resources.extern.packaging.specifiers', 'pkg_resources.extern.packaging._compat', 'pkg_resources.extern.packaging.requirements', 'pkg_resources.extern.pyparsing', 'pkg_resources.extern.six.moves.urllib', 'pkg_resources.extern.packaging.markers', 'sysconfig', '_osx_support', '_sysconfigdata_m_darwin_darwin', 'email.message', 'uu', 'email._encoded_words', 'email.iterators', 'pytest_metadata', 'pytest_metadata.plugin', 'pytest_metadata.ci', 'pytest_metadata.ci.appveyor', 'pytest_metadata.ci.bitbucket', 'pytest_metadata.ci.circleci', 'pytest_metadata.ci.gitlab_ci', 'pytest_metadata.ci.jenkins', 'pytest_metadata.ci.taskcluster', 'pytest_metadata.ci.travis_ci', 'pytest_metadata.hooks', 'pytest_html', 'pytest_html.plugin', 'pytest_html.extras', 'html', 'html.entities', 'pytest_html.hooks', 'allure_pytest', 'allure_pytest.plugin', 'allure', 'allure_commons', 'allure_commons._hooks', 'allure_commons._core', 'allure_commons._allure', 'allure_commons.types', 'allure_commons.utils', 'allure_commons.logger', 'allure_pytest.utils', 'allure_commons.model2', 'allure_pytest.helper', 'allure_pytest.listener', 'allure_commons.reporter', 'py._builtin', 'py._io', 'py._io.terminalwriter', 'unicodedata', 'py._code', 'py._code.code', 'tests', 'tests.test_generate_roi', 'py._io.capture', 'mdl', 'certifi', 'certifi.core', 'mdl.download', 'mdl.eyetracking', 'pylink', 'mdl.settings', 'mdl.eyetracking._roi', 'pandas', 'numpy', 'numpy._globals', 'numpy.__config__', 'numpy.version', 'numpy._distributor_init', 'numpy.core', 'numpy.core.info', 'numpy.core.multiarray', 'numpy.core.overrides', 'numpy.core._multiarray_umath', 'numpy.compat', 'numpy.compat._inspect', 'numpy.compat.py3k', 'numpy.core.umath', 'numpy.core.numerictypes', 'numpy.core._string_helpers', 'numpy.core._type_aliases', 'numpy.core._dtype', 'numpy.core.numeric', 'numpy.core._internal', 'pickle', '_compat_pickle', '_pickle', 'numpy.core.fromnumeric', 'numpy.core._methods', 'numpy.core.arrayprint', 'numpy.core.defchararray', 'numpy.core.records', 'numpy.core.memmap', 'numpy.core.function_base', 'numpy.core.machar', 'numpy.core.getlimits', 'numpy.core.shape_base', 'numpy.core.einsumfunc', 'numpy.core._add_newdocs', 'numpy.core._multiarray_tests', 'numpy.core._dtype_ctypes', 'numpy._pytesttester', 'numpy.lib', 'numpy.lib.info', 'numpy.lib.type_check', 'numpy.lib.ufunclike', 'numpy.lib.index_tricks', 'numpy.matrixlib', 'numpy.matrixlib.defmatrix', 'numpy.linalg', 'numpy.linalg.info', 'numpy.linalg.linalg', 'numpy.lib.twodim_base', 'numpy.linalg.lapack_lite', 'numpy.linalg._umath_linalg', 'numpy.lib.function_base', 'numpy.lib.utils', 'numpy.lib.histograms', 'numpy.lib.stride_tricks', 'numpy.lib.mixins', 'numpy.lib.nanfunctions', 'numpy.lib.shape_base', 'numpy.lib.scimath', 'numpy.lib.polynomial', 'numpy.lib.arraysetops', 'numpy.lib.npyio', 'numpy.lib.format', 'numpy.lib._datasource', 'numpy.lib._iotools', 'numpy.lib.financial', 'numpy.lib.arrayterator', 'numpy.lib.arraypad', 'numpy.lib._version', 'numpy.fft', 'numpy.fft.info', 'numpy.fft.fftpack', 'numpy.fft.fftpack_lite', 'numpy.fft.helper', 'numpy.polynomial', 'numpy.polynomial.polynomial', 'numpy.polynomial.polyutils', 'numpy.polynomial._polybase', 'numpy.polynomial.chebyshev', 'numpy.polynomial.legendre', 'numpy.polynomial.hermite', 'numpy.polynomial.hermite_e', 'numpy.polynomial.laguerre', 'numpy.random', 'numpy.random.mtrand', 'cython_runtime', 'mtrand', 'numpy.ctypeslib', 'numpy.ma', 'numpy.ma.core', 'numpy.ma.extras', 'numpy.testing', 'numpy.testing._private', 'numpy.testing._private.utils', 'gc', 'numpy.testing._private.decorators', 'numpy.testing._private.nosetester', 'pytz', 'pytz.exceptions', 'pytz.lazy', 'pytz.tzinfo', 'pytz.tzfile', 'dateutil', 'dateutil._version', 'pandas.compat', 'distutils', 'distutils.version', 'http', 'http.client', 'ssl', '_ssl', 'pandas.compat.chainmap', 'dateutil.parser', 'dateutil.parser._parser', 'dateutil.relativedelta', 'dateutil._common', 'dateutil.tz', 'dateutil.tz.tz', 'dateutil.tz._common', 'dateutil.tz._factories', 'dateutil.parser.isoparser', 'typing', 'typing.io', 'typing.re', 'pandas.compat.numpy', 'pandas._libs', 'pandas._libs.tslibs', 'pandas._libs.tslibs.conversion', '_cython_0_28_2', 'pandas._libs.tslibs.nattype', 'pandas._libs.tslibs.np_datetime', 'pandas._libs.tslibs.timedeltas', 'pandas._libs.tslibs.offsets', 'pandas._libs.tslibs.ccalendar', 'pandas._libs.tslibs.strptime', 'pandas._libs.tslibs.timezones', 'pandas._libs.tslibs.parsing', 'pandas._libs.tslibs.period', 'pandas._libs.tslibs.frequencies', 'pandas._libs.tslibs.timestamps', 'pandas._libs.tslibs.fields', 'pandas._libs.tslibs.resolution', 'pandas._libs.hashtable', 'pandas._libs.missing', 'pandas._libs.lib', 'fractions', 'pandas._libs.tslib', 'pandas.core', 'pandas.core.config_init', 'pandas.core.config', 'pandas.io', 'pandas.io.formats', 'pandas.io.formats.printing', 'pandas.core.dtypes', 'pandas.core.dtypes.inference', 'pandas.io.formats.console', 'pandas.io.formats.terminal', 'pandas.core.api', 'pandas.core.arrays', 'pandas.core.arrays.array_', 'pandas.core.dtypes.common', 'pandas._libs.algos', 'pandas.core.dtypes.dtypes', 'pandas._libs.interval', 'pandas.core.dtypes.generic', 'pandas.core.dtypes.base', 'pandas.errors', 'pandas.core.arrays.base', 'pandas.compat.numpy.function', 'pandas.util', 'pandas.util._decorators', 'pandas._libs.properties', 'pandas.core.util', 'pandas.core.util.hashing', 'pandas._libs.hashing', 'pandas.core.dtypes.cast', 'pandas.core.dtypes.missing', 'pandas.util._validators', 'pandas.core.ops', 'pandas._libs.ops', 'pandas.core.common', 'pandas.core.missing', 'pandas.core.arrays.categorical', 'pandas.core.accessor', 'pandas.core.algorithms', 'pandas.core.base', 'pandas.core.nanops', 'pandas.tseries', 'pandas.tseries.offsets', 'dateutil.easter', 'pandas.core.tools', 'pandas.core.tools.datetimes', 'pandas.core.sorting', 'pandas.core.arrays.datetimes', 'pandas.core.arrays.datetimelike', 'pandas.tseries.frequencies', 'pandas.core.arrays._ranges', 'pandas.core.arrays.interval', 'pandas.util._doctools', 'pandas.core.indexes', 'pandas.core.indexes.base', 'pandas._libs.index', 'pandas._libs.join', 'pandas.core.dtypes.concat', 'pandas.core.indexes.frozen', 'pandas.core.strings', 'pandas.core.arrays.period', 'pandas.core.arrays.timedeltas', 'pandas.core.arrays.integer', 'pandas.core.tools.numeric', 'pandas.core.arrays.sparse', 'pandas._libs.sparse', 'pandas.core.arrays.numpy_', 'pandas.core.groupby', 'pandas.core.groupby.groupby', 'pandas._libs.groupby', 'pandas.core.frame', 'pandas.core.generic', 'pandas.core.index', 'pandas.core.indexes.api', 'pandas.core.indexes.category', 'pandas.core.indexes.datetimes', 'pandas.core.indexes.datetimelike', 'pandas.core.tools.timedeltas', 'pandas.core.indexes.numeric', 'pandas.core.indexes.interval', 'pandas.util._exceptions', 'pandas.core.indexes.multi', 'pandas.core.indexes.timedeltas', 'pandas.core.indexes.period', 'pandas.core.indexes.range', 'pandas.core.indexing', 'pandas._libs.indexing', 'pandas.core.internals', 'pandas.core.internals.blocks', 'pandas._libs.internals', 'pandas.core.internals.arrays', 'pandas.core.internals.managers', 'pandas.core.internals.concat', 'pandas.io.formats.format', 'pandas.io.common', 'csv', '_csv', 'mmap', 'urllib.request', 'urllib.error', 'urllib.response', '_scproxy', 'pandas.core.internals.construction', 'pandas.core.series', 'pandas.core.indexes.accessors', 'pandas.plotting', 'pandas.plotting._misc', 'pandas.plotting._style', 'pandas.plotting._tools', 'pandas.plotting._core', 'pandas.plotting._compat', 'pandas.plotting._converter', 'matplotlib', 'matplotlib.cbook', 'gzip', 'matplotlib.cbook.deprecation', 'matplotlib.rcsetup', 'matplotlib.fontconfig_pattern', 'pyparsing', 'matplotlib.colors', 'matplotlib._color_data', 'cycler', 'matplotlib._version'] (__init__.py:1822)
2019-05-11 17:20:38 [   DEBUG] CACHEDIR=/Users/mdl-admin/.matplotlib (__init__.py:415)
2019-05-11 17:20:38 [   DEBUG] Using fontManager instance from /Users/mdl-admin/.matplotlib/fontlist-v300.json (font_manager.py:1362)
2019-05-11 17:20:38 [   DEBUG] Loaded backend agg version unknown. (pyplot.py:211)
2019-05-11 17:20:38 [   DEBUG] read FileHeader(version=1, channels=3, height=859, width=1222, depth=8, color_mode=<ColorMode.RGB: 3>) (__init__.py:67)
2019-05-11 17:20:38 [   DEBUG] reading color mode data, len=0 (color_mode_data.py:31)
2019-05-11 17:20:38 [   DEBUG] reading image resources, len=42 (image_resources.py:147)
2019-05-11 17:20:38 [   DEBUG] reading layer and mask info, len=1719766, offset=76 (layer_and_mask.py:53)
2019-05-11 17:20:38 [   DEBUG] reading layer info, len=1719762 (layer_and_mask.py:125)
2019-05-11 17:20:38 [   DEBUG]   read layer record, len=128 (layer_and_mask.py:435)
2019-05-11 17:20:38 [   DEBUG]   read layer record, len=118 (layer_and_mask.py:435)
2019-05-11 17:20:38 [   DEBUG]   read layer record, len=118 (layer_and_mask.py:435)
2019-05-11 17:20:38 [   DEBUG]   read layer record, len=118 (layer_and_mask.py:435)
2019-05-11 17:20:38 [   DEBUG]   read layer record, len=118 (layer_and_mask.py:435)
2019-05-11 17:20:38 [   DEBUG]   read layer record, len=118 (layer_and_mask.py:435)
2019-05-11 17:20:38 [   DEBUG]   read layer record, len=118 (layer_and_mask.py:435)
2019-05-11 17:20:38 [   DEBUG]   read layer record, len=118 (layer_and_mask.py:435)
2019-05-11 17:20:38 [   DEBUG]   read layer record, len=118 (layer_and_mask.py:435)
2019-05-11 17:20:38 [   DEBUG]   read layer records, len=1074 (layer_and_mask.py:140)
2019-05-11 17:20:38 [   DEBUG]   read channel image data, len=1718688 (layer_and_mask.py:790)
2019-05-11 17:20:38 [   DEBUG]   read image data, len=807912 (image_data.py:44)
2019-05-11 17:20:38 [   DEBUG] update_title_pos (_base.py:2515)
2019-05-11 17:20:39 [   DEBUG] findfont: Matching :family=sans-serif:style=normal:variant=normal:weight=normal:stretch=normal:size=10.0 to DejaVu Sans ('/Users/mdl-admin/Desktop/mdl-R33/env/lib/python3.7/site-packages/matplotlib/mpl-data/fonts/ttf/DejaVuSans.ttf') with score of 0.050000. (font_manager.py:1254)
2019-05-11 17:20:39 [   DEBUG] update_title_pos (_base.py:2515)
2019-05-11 17:20:40 [   DEBUG] update_title_pos (_base.py:2515)
2019-05-11 17:20:40 [   DEBUG] update_title_pos (_base.py:2515)
2019-05-11 17:20:41 [   DEBUG] update_title_pos (_base.py:2515)
2019-05-11 17:20:42 [   DEBUG] update_title_pos (_base.py:2515)
2019-05-11 17:20:43 [   DEBUG] read FileHeader(version=1, channels=3, height=859, width=1222, depth=8, color_mode=<ColorMode.RGB: 3>) (__init__.py:67)
2019-05-11 17:20:43 [   DEBUG] reading color mode data, len=0 (color_mode_data.py:31)
2019-05-11 17:20:43 [   DEBUG] reading image resources, len=726 (image_resources.py:147)
2019-05-11 17:20:43 [   DEBUG] reading layer and mask info, len=1702866, offset=760 (layer_and_mask.py:53)
2019-05-11 17:20:43 [   DEBUG] reading layer info, len=1702862 (layer_and_mask.py:125)
2019-05-11 17:20:43 [   DEBUG]   read layer record, len=122 (layer_and_mask.py:435)
2019-05-11 17:20:43 [   DEBUG]   read layer record, len=118 (layer_and_mask.py:435)
2019-05-11 17:20:43 [   DEBUG]   read layer record, len=118 (layer_and_mask.py:435)
2019-05-11 17:20:43 [   DEBUG]   read layer record, len=118 (layer_and_mask.py:435)
2019-05-11 17:20:43 [   DEBUG]   read layer record, len=118 (layer_and_mask.py:435)
2019-05-11 17:20:43 [   DEBUG]   read layer record, len=118 (layer_and_mask.py:435)
2019-05-11 17:20:43 [   DEBUG]   read layer record, len=118 (layer_and_mask.py:435)
2019-05-11 17:20:43 [   DEBUG]   read layer record, len=118 (layer_and_mask.py:435)
2019-05-11 17:20:43 [   DEBUG]   read layer record, len=118 (layer_and_mask.py:435)
2019-05-11 17:20:43 [   DEBUG]   read layer records, len=1068 (layer_and_mask.py:140)
2019-05-11 17:20:43 [   DEBUG]   read channel image data, len=1701794 (layer_and_mask.py:790)
2019-05-11 17:20:43 [   DEBUG]   read image data, len=708638 (image_data.py:44)
2019-05-11 17:20:43 [   DEBUG] update_title_pos (_base.py:2515)
2019-05-11 17:20:44 [   DEBUG] update_title_pos (_base.py:2515)
2019-05-11 17:20:44 [   DEBUG] RGBA ICC profile is not supported. (pil_io.py:235)
2019-05-11 17:20:44 [   DEBUG] RGBA ICC profile is not supported. (pil_io.py:235)
2019-05-11 17:20:44 [   DEBUG] RGBA ICC profile is not supported. (pil_io.py:235)
2019-05-11 17:20:44 [   DEBUG] RGBA ICC profile is not supported. (pil_io.py:235)
2019-05-11 17:20:44 [   DEBUG] RGBA ICC profile is not supported. (pil_io.py:235)
2019-05-11 17:20:44 [   DEBUG] RGBA ICC profile is not supported. (pil_io.py:235)
2019-05-11 17:20:44 [   DEBUG] RGBA ICC profile is not supported. (pil_io.py:235)
2019-05-11 17:20:44 [   DEBUG] RGBA ICC profile is not supported. (pil_io.py:235)
2019-05-11 17:20:45 [   DEBUG] update_title_pos (_base.py:2515)
2019-05-11 17:20:45 [   DEBUG] update_title_pos (_base.py:2515)
2019-05-11 17:20:46 [   DEBUG] update_title_pos (_base.py:2515)
2019-05-11 17:20:47 [   DEBUG] update_title_pos (_base.py:2515)
2019-05-11 17:20:47 [   DEBUG] read FileHeader(version=1, channels=3, height=859, width=1222, depth=8, color_mode=<ColorMode.RGB: 3>) (__init__.py:67)
2019-05-11 17:20:47 [   DEBUG] reading color mode data, len=0 (color_mode_data.py:31)
2019-05-11 17:20:47 [   DEBUG] reading image resources, len=42 (image_resources.py:147)
2019-05-11 17:20:47 [   DEBUG] reading layer and mask info, len=1715007, offset=76 (layer_and_mask.py:53)
2019-05-11 17:20:47 [   DEBUG] reading layer info, len=1715003 (layer_and_mask.py:125)
2019-05-11 17:20:47 [   DEBUG]   read layer record, len=128 (layer_and_mask.py:435)
2019-05-11 17:20:47 [   DEBUG]   read layer record, len=118 (layer_and_mask.py:435)
2019-05-11 17:20:47 [   DEBUG]   read layer record, len=118 (layer_and_mask.py:435)
2019-05-11 17:20:47 [   DEBUG]   read layer record, len=118 (layer_and_mask.py:435)
2019-05-11 17:20:47 [   DEBUG]   read layer record, len=118 (layer_and_mask.py:435)
2019-05-11 17:20:47 [   DEBUG]   read layer record, len=118 (layer_and_mask.py:435)
2019-05-11 17:20:47 [   DEBUG]   read layer record, len=118 (layer_and_mask.py:435)
2019-05-11 17:20:47 [   DEBUG]   read layer record, len=118 (layer_and_mask.py:435)
2019-05-11 17:20:47 [   DEBUG]   read layer record, len=118 (layer_and_mask.py:435)
2019-05-11 17:20:47 [   DEBUG]   read layer records, len=1074 (layer_and_mask.py:140)
2019-05-11 17:20:47 [   DEBUG]   read channel image data, len=1713929 (layer_and_mask.py:790)
2019-05-11 17:20:47 [   DEBUG]   read image data, len=782711 (image_data.py:44)
2019-05-11 17:20:47 [   DEBUG] update_title_pos (_base.py:2515)
2019-05-11 17:20:48 [   DEBUG] update_title_pos (_base.py:2515)
2019-05-11 17:20:49 [   DEBUG] update_title_pos (_base.py:2515)
2019-05-11 17:20:49 [   DEBUG] update_title_pos (_base.py:2515)
2019-05-11 17:20:50 [   DEBUG] update_title_pos (_base.py:2515)
2019-05-11 17:20:51 [   DEBUG] update_title_pos (_base.py:2515)
